Archive member included to satisfy reference by file (symbol)

/usr/share/crossworks_for_arm_4.7/lib/libc_v6m_t_le_eabi.a(libc_asm.o)
                              Controller Clang Debug/system_MKL25Z4.o (__aeabi_uidiv)
/usr/share/crossworks_for_arm_4.7/lib/libc_v6m_t_le_eabi.a(libc2.o)
                              Controller Clang Debug/heap_3.o (malloc)
/usr/share/crossworks_for_arm_4.7/lib/libc_v6m_t_le_eabi.a(libc2_asm.o)
                              Controller Clang Debug/port.o (longjmp)
/usr/share/crossworks_for_arm_4.7/lib/libc_v6m_t_le_eabi.a(libvfprintf.o)
                              (__vfprintf_int_nwp)
/usr/share/crossworks_for_arm_4.7/lib/libc_v6m_t_le_eabi.a(libvfscanf.o)
                              (__vfscanf_int)
/usr/share/crossworks_for_arm_4.7/lib/libc_v6m_t_le_eabi.a(libc.o)
                              /usr/share/crossworks_for_arm_4.7/lib/libc_v6m_t_le_eabi.a(libc2.o) (__heap_lock)
/usr/share/crossworks_for_arm_4.7/lib/libdebugio_v6m_t_le_eabi.a(libdebugio.o)
                              Controller Clang Debug/thumb_crt0.o (debug_fopen)
/usr/share/crossworks_for_arm_4.7/lib/libdebugio_v6m_t_le_eabi.a(do_nv_debug_operation.o)
                              /usr/share/crossworks_for_arm_4.7/lib/libdebugio_v6m_t_le_eabi.a(libdebugio.o) (__do_nvdebug_operation)
/usr/share/crossworks_for_arm_4.7/lib/libdebugio_v6m_t_le_eabi.a(mempoll_debug_operations.o)
                              (__do_debug_operation_mempoll)
/usr/share/crossworks_for_arm_4.7/lib/libm_v6m_t_le_eabi.a(libm_asm.o)
                              /usr/share/crossworks_for_arm_4.7/lib/libc_v6m_t_le_eabi.a(libc2.o) (__aeabi_i2f)
/usr/share/crossworks_for_arm_4.7/lib/libm_v6m_t_le_eabi.a(libm2.o)
                              /usr/share/crossworks_for_arm_4.7/lib/libc_v6m_t_le_eabi.a(libvfprintf.o) (frexp)
/usr/share/crossworks_for_arm_4.7/lib/libm_v6m_t_le_eabi.a(libm2_asm.o)
                              /usr/share/crossworks_for_arm_4.7/lib/libm_v6m_t_le_eabi.a(libm2.o) (fabs)

Discarded input sections

 .group         0x0000000000000000        0xc Controller Clang Debug/main.o
 .group         0x0000000000000000        0xc Controller Clang Debug/main.o
 .group         0x0000000000000000        0xc Controller Clang Debug/main.o
 .group         0x0000000000000000        0xc Controller Clang Debug/main.o
 .group         0x0000000000000000        0xc Controller Clang Debug/main.o
 .group         0x0000000000000000        0xc Controller Clang Debug/main.o
 .group         0x0000000000000000        0xc Controller Clang Debug/main.o
 .group         0x0000000000000000        0xc Controller Clang Debug/main.o
 .group         0x0000000000000000        0xc Controller Clang Debug/main.o
 .group         0x0000000000000000        0xc Controller Clang Debug/main.o
 .group         0x0000000000000000        0xc Controller Clang Debug/main.o
 .group         0x0000000000000000        0xc Controller Clang Debug/main.o
 .group         0x0000000000000000        0xc Controller Clang Debug/main.o
 .group         0x0000000000000000        0xc Controller Clang Debug/main.o
 .group         0x0000000000000000        0xc Controller Clang Debug/main.o
 .group         0x0000000000000000        0xc Controller Clang Debug/main.o
 .group         0x0000000000000000        0xc Controller Clang Debug/main.o
 .group         0x0000000000000000        0xc Controller Clang Debug/main.o
 .group         0x0000000000000000        0xc Controller Clang Debug/main.o
 .group         0x0000000000000000        0xc Controller Clang Debug/main.o
 .group         0x0000000000000000        0xc Controller Clang Debug/main.o
 .group         0x0000000000000000        0xc Controller Clang Debug/main.o
 .group         0x0000000000000000        0xc Controller Clang Debug/main.o
 .group         0x0000000000000000        0xc Controller Clang Debug/main.o
 .group         0x0000000000000000        0xc Controller Clang Debug/main.o
 .group         0x0000000000000000        0xc Controller Clang Debug/main.o
 .group         0x0000000000000000        0xc Controller Clang Debug/main.o
 .group         0x0000000000000000        0xc Controller Clang Debug/main.o
 .group         0x0000000000000000        0xc Controller Clang Debug/main.o
 .group         0x0000000000000000        0xc Controller Clang Debug/main.o
 .text          0x0000000000000000        0x0 Controller Clang Debug/main.o
 .data          0x0000000000000000        0x0 Controller Clang Debug/main.o
 .bss           0x0000000000000000        0x0 Controller Clang Debug/main.o
 .group         0x0000000000000000        0xc Controller Clang Debug/system.o
 .group         0x0000000000000000        0xc Controller Clang Debug/system.o
 .group         0x0000000000000000        0xc Controller Clang Debug/system.o
 .group         0x0000000000000000        0xc Controller Clang Debug/system.o
 .group         0x0000000000000000        0xc Controller Clang Debug/system.o
[...]
Memory Configuration

Name             Origin             Length             Attributes
UNPLACED_SECTIONS 0x0000000100000000 0x0000000000000000 xw
PPB              0x00000000e0000000 0x0000000000100000 xw
PERIPHERALS      0x0000000040000000 0x0000000000100000 xw
SRAM_H           0x0000000020000000 0x0000000000003000 xw
SRAM_L           0x000000001ffff000 0x0000000000001000 xw
SRAM             0x000000001ffff000 0x0000000000004000 xw
FLASH_H          0x0000000000010000 0x0000000000010000 xw
FLASH_L          0x0000000000000000 0x0000000000010000 xw
FLASH            0x0000000000000000 0x0000000000020000 xr
*default*        0x0000000000000000 0xffffffffffffffff

Linker script and memory map

                0x0000000000000000                __do_debug_operation = __do_debug_operation_mempoll
                0x0000000000000000                __vfprintf = __vfprintf_int_nwp
                0x0000000000000000                __vfscanf = __vfscanf_int
                0x00000000e0000000                __PPB_segment_start__ = 0xe0000000
                0x00000000e0100000                __PPB_segment_end__ = 0xe0100000
                0x0000000000100000                __PPB_segment_size__ = 0x100000
                0x0000000040000000                __PERIPHERALS_segment_start__ = 0x40000000
                0x0000000040100000                __PERIPHERALS_segment_end__ = 0x40100000
                0x0000000000100000                __PERIPHERALS_segment_size__ = 0x100000
                0x0000000020000000                __SRAM_H_segment_start__ = 0x20000000
                0x0000000020003000                __SRAM_H_segment_end__ = 0x20003000
                0x0000000000003000                __SRAM_H_segment_size__ = 0x3000
                0x000000001ffff000                __SRAM_L_segment_start__ = 0x1ffff000
                0x0000000020000000                __SRAM_L_segment_end__ = 0x20000000
                0x0000000000001000                __SRAM_L_segment_size__ = 0x1000
                0x000000001ffff000                __SRAM_segment_start__ = 0x1ffff000
                0x0000000020003000                __SRAM_segment_end__ = 0x20003000
                0x0000000000004000                __SRAM_segment_size__ = 0x4000
                0x0000000000010000                __FLASH_H_segment_start__ = 0x10000
                0x0000000000020000                __FLASH_H_segment_end__ = 0x20000
                0x0000000000010000                __FLASH_H_segment_size__ = 0x10000
                0x0000000000000000                __FLASH_L_segment_start__ = 0x0
                0x0000000000010000                __FLASH_L_segment_end__ = 0x10000
                0x0000000000010000                __FLASH_L_segment_size__ = 0x10000
                0x0000000000000000                __FLASH_segment_start__ = 0x0
                0x0000000000020000                __FLASH_segment_end__ = 0x20000
                0x0000000000020000                __FLASH_segment_size__ = 0x20000
                0x00000000000012c0                __HEAPSIZE__ = 0x12c0
                0x0000000000000000                __STACKSIZE_ABT__ = 0x0
                0x0000000000000000                __STACKSIZE_FIQ__ = 0x0
                0x0000000000000000                __STACKSIZE_IRQ__ = 0x0
                0x0000000000000000                __STACKSIZE_PROCESS__ = 0x0
                0x0000000000000000                __STACKSIZE_SVC__ = 0x0
                0x0000000000000000                __STACKSIZE_UND__ = 0x0
                0x00000000000007d0                __STACKSIZE__ = 0x7d0
                0x000000001ffff000                __vectors_ram_load_start__ = ALIGN (__SRAM_segment_start__, 0x100)

.vectors_ram    0x000000001ffff000        0x0
                0x000000001ffff000                __vectors_ram_start__ = .
 *(.vectors_ram .vectors_ram.*)
                0x000000001ffff000                __vectors_ram_end__ = (__vectors_ram_start__ + SIZEOF (.vectors_ram))
                0x0000000000000000                __vectors_ram_size__ = SIZEOF (.vectors_ram)
                0x000000001ffff000                __vectors_ram_load_end__ = __vectors_ram_end__
                0x0000000000000001                . = ASSERT (((__vectors_ram_start__ == __vectors_ram_end__) || ((__vectors_ram_end__ - __SRAM_segment_start__) <= __SRAM_segment_size__)), error: .vectors_ram is too large to fit in SRAM memory segment)
                0x0000000000000000                __vectors_load_start__ = ALIGN (__FLASH_segment_start__, 0x100)

.vectors        0x0000000000000000      0x410
                0x0000000000000000                __vectors_start__ = .
 *(.vectors .vectors.*)
 .vectors       0x0000000000000000      0x410 Controller Clang Debug/Kinetis_Startup.o
                0x0000000000000000                _vectors
                0x0000000000000410                __vectors_end__ = (__vectors_start__ + SIZEOF (.vectors))
                0x0000000000000410                __vectors_size__ = SIZEOF (.vectors)
                0x0000000000000410                __vectors_load_end__ = __vectors_end__
                0x0000000000000001                . = ASSERT (((__vectors_start__ == __vectors_end__) || ((__vectors_end__ - __FLASH_segment_start__) <= __FLASH_segment_size__)), error: .vectors is too large to fit in FLASH memory segment)
                0x0000000000000410                __init_load_start__ = ALIGN (__vectors_end__, 0x4)

.init           0x0000000000000410      0x1d4
                0x0000000000000410                __init_start__ = .
 *(.init .init.*)
 .init          0x0000000000000410      0x154 Controller Clang Debug/thumb_crt0.o
                0x0000000000000410                _start
                0x00000000000004c0                exit
 .init          0x0000000000000564       0x80 Controller Clang Debug/Kinetis_Startup.o
                0x0000000000000564                NMI_Handler
                0x0000000000000568                MemManage_Handler
                0x000000000000056a                BusFault_Handler
                0x000000000000056c                UsageFault_Handler
                0x0000000000000570                DebugMon_Handler
                0x0000000000000576                DMA0_IRQHandler
                0x0000000000000578                DMA1_IRQHandler
                0x000000000000057a                DMA2_IRQHandler
                0x000000000000057c                DMA3_IRQHandler
                0x000000000000057e                FTFA_IRQHandler
                0x0000000000000580                LVD_LVW_IRQHandler
                0x0000000000000582                LLW_IRQHandler
                0x0000000000000584                I2C0_IRQHandler
                0x0000000000000586                I2C1_IRQHandler
                0x0000000000000588                SPI0_IRQHandler
                0x000000000000058a                SPI1_IRQHandler
                0x000000000000058c                UART0_IRQHandler
                0x000000000000058e                UART1_IRQHandler
                0x0000000000000590                UART2_IRQHandler
                0x0000000000000592                ADC0_IRQHandler
                0x0000000000000594                CMP0_IRQHandler
                0x0000000000000596                TPM0_IRQHandler
                0x0000000000000598                TPM1_IRQHandler
                0x000000000000059c                RTC_IRQHandler
                0x000000000000059e                RTC_Seconds_IRQHandler
                0x00000000000005a0                PIT_IRQHandler
                0x00000000000005a2                USB0_IRQHandler
                0x00000000000005a4                DAC0_IRQHandler
                0x00000000000005a6                TSI0_IRQHandler
                0x00000000000005a8                MCG_IRQHandler
                0x00000000000005aa                LPTimer_IRQHandler
                0x00000000000005ae                PORTD_IRQHandler
                0x00000000000005b0                reset_handler
                0x00000000000005e4                __init_end__ = (__init_start__ + SIZEOF (.init))
                0x00000000000001d4                __init_size__ = SIZEOF (.init)
                0x00000000000005e4                __init_load_end__ = __init_end__
                0x0000000000000001                . = ASSERT (((__init_start__ == __init_end__) || ((__init_end__ - __FLASH_segment_start__) <= __FLASH_segment_size__)), error: .init is too large to fit in FLASH memory segment)
                0x00000000000005e4                __init_rodata_load_start__ = ALIGN (__init_end__, 0x4)

.init_rodata    0x00000000000005e4        0x0
                0x00000000000005e4                __init_rodata_start__ = .
 *(.init_rodata .init_rodata.*)
                0x00000000000005e4                __init_rodata_end__ = (__init_rodata_start__ + SIZEOF (.init_rodata))
                0x0000000000000000                __init_rodata_size__ = SIZEOF (.init_rodata)
                0x00000000000005e4                __init_rodata_load_end__ = __init_rodata_end__
                0x0000000000000001                . = ASSERT (((__init_rodata_start__ == __init_rodata_end__) || ((__init_rodata_end__ - __FLASH_segment_start__) <= __FLASH_segment_size__)), error: .init_rodata is too large to fit in FLASH memory segment)
                0x00000000000005e4                __text_load_start__ = ALIGN (__init_rodata_end__, 0x4)

.text           0x00000000000005e4     0x3938
                0x00000000000005e4                __text_start__ = .
 *(.text .text.* .glue_7t .glue_7 .gnu.linkonce.t.* .gcc_except_table .ARM.extab* .gnu.linkonce.armextab.*)
 .glue_7        0x00000000000005e4        0x0 linker stubs
 .glue_7t       0x00000000000005e4        0x0 linker stubs
 .text.main     0x00000000000005e4       0x48 Controller Clang Debug/main.o
                0x00000000000005e4                main
 .text.vSystemInit
                0x000000000000062c       0x32 Controller Clang Debug/system.o
 *fill*         0x000000000000065e        0x2 
 .text.vEnableClockGating
                0x0000000000000660       0x64 Controller Clang Debug/system.o
 .text.vCreateQueues
                0x00000000000006c4       0x30 Controller Clang Debug/system.o
 .text.vCreateEvents
                0x00000000000006f4       0x14 Controller Clang Debug/system.o
 .text.vCreateTasks
                0x0000000000000708       0x48 Controller Clang Debug/system.o
 .text.vCreateSemaphores
                0x0000000000000750        0x4 Controller Clang Debug/system.o
 .text.vStartupTask
                0x0000000000000754       0x26 Controller Clang Debug/system.o
                0x0000000000000754                vStartupTask
 .text.vApplicationIdleHook
                0x000000000000077a        0x4 Controller Clang Debug/system.o
                0x000000000000077a                vApplicationIdleHook
 .text.vAssertCalled
                0x000000000000077e       0x22 Controller Clang Debug/system.o
                0x000000000000077e                vAssertCalled
 .text.HardFault_Handler
                0x00000000000007a0        0x6 Controller Clang Debug/system.o
                0x00000000000007a0                HardFault_Handler
 *fill*         0x00000000000007a6        0x2 
 .text.vCommTask
                0x00000000000007a8       0x50 Controller Clang Debug/comm.o
                0x00000000000007a8                vCommTask
 .text.TPM2_IRQHandler
                0x00000000000007f8       0x4c Controller Clang Debug/comm.o
                0x00000000000007f8                TPM2_IRQHandler
 .text.SystemInit
                0x0000000000000844      0x174 Controller Clang Debug/system_MKL25Z4.o
                0x0000000000000844                SystemInit
 .text.SPI1_vInit
                0x00000000000009b8       0xb8 Controller Clang Debug/spi.o
                0x00000000000009b8                SPI1_vInit
 .text.SPI1_ucReadPolling
                0x0000000000000a70       0x20 Controller Clang Debug/spi.o
                0x0000000000000a70                SPI1_ucReadPolling
 .text.SPI1_vTransmitByte
                0x0000000000000a90       0x40 Controller Clang Debug/spi.o
                0x0000000000000a90                SPI1_vTransmitByte
 .text.SPI1_vTransmitPolling
                0x0000000000000ad0       0x94 Controller Clang Debug/spi.o
                0x0000000000000ad0                SPI1_vTransmitPolling
 .text.SPI1_vTransmitDMA
                0x0000000000000b64       0xdc Controller Clang Debug/spi.o
                0x0000000000000b64                SPI1_vTransmitDMA
 .text.SPI1_vSetSlave
                0x0000000000000c40       0x50 Controller Clang Debug/spi.o
                0x0000000000000c40                SPI1_vSetSlave
 .text.__NVIC_EnableIRQ
                0x0000000000000c90       0x34 Controller Clang Debug/nRF24L01.o
 .text.__NVIC_ClearPendingIRQ
                0x0000000000000cc4       0x38 Controller Clang Debug/nRF24L01.o
 .text.__NVIC_SetPriority
                0x0000000000000cfc       0xec Controller Clang Debug/nRF24L01.o
 .text.nRF24L01_vInit
                0x0000000000000de8       0x64 Controller Clang Debug/nRF24L01.o
                0x0000000000000de8                nRF24L01_vInit
 .text.nRF24L01_vSetReceiveMode
                0x0000000000000e4c       0x14 Controller Clang Debug/nRF24L01.o
 .text.nRF24L01_vConfigureIRQ
                0x0000000000000e60       0x28 Controller Clang Debug/nRF24L01.o
 .text.nRF24L01_vConfigureChipEnable
                0x0000000000000e88       0x20 Controller Clang Debug/nRF24L01.o
 .text.nRF24L01_vSetChipEnable
                0x0000000000000ea8       0x50 Controller Clang Debug/nRF24L01.o
 .text.nRF24L01_vStartTransmission
                0x0000000000000ef8       0x48 Controller Clang Debug/nRF24L01.o
 .text.nRF24L01_vResetStatusFlags
                0x0000000000000f40        0xe Controller Clang Debug/nRF24L01.o
                0x0000000000000f40                nRF24L01_vResetStatusFlags
 *fill*         0x0000000000000f4e        0x2 
 .text.nRF24L01_vSendPayload
                0x0000000000000f50      0x140 Controller Clang Debug/nRF24L01.o
                0x0000000000000f50                nRF24L01_vSendPayload
 .text.nRF24L01_vWriteRegister
                0x0000000000001090       0x52 Controller Clang Debug/nRF24L01.o
                0x0000000000001090                nRF24L01_vWriteRegister
 .text.nRF24L01_vSendCommand
                0x00000000000010e2       0x1e Controller Clang Debug/nRF24L01.o
                0x00000000000010e2                nRF24L01_vSendCommand
 .text.nRF24L01_vWriteAddressRegister
                0x0000000000001100      0x13c Controller Clang Debug/nRF24L01.o
                0x0000000000001100                nRF24L01_vWriteAddressRegister
 .text.PORTA_IRQHandler
                0x000000000000123c       0x44 Controller Clang Debug/nRF24L01.o
                0x000000000000123c                PORTA_IRQHandler
 .text.DMAMUX0_vInit
                0x0000000000001280       0x54 Controller Clang Debug/dma.o
                0x0000000000001280                DMAMUX0_vInit
 .text.DMA0_vLinkChannel
                0x00000000000012d4       0x64 Controller Clang Debug/dma.o
                0x00000000000012d4                DMA0_vLinkChannel
 .text.DMA0_vInit
                0x0000000000001338       0x64 Controller Clang Debug/dma.o
                0x0000000000001338                DMA0_vInit
 .text.DMA0_vInitTransaction
                0x000000000000139c      0x17c Controller Clang Debug/dma.o
                0x000000000000139c                DMA0_vInitTransaction
 .text.DMA0_vStart
                0x0000000000001518       0x38 Controller Clang Debug/dma.o
                0x0000000000001518                DMA0_vStart
 .text.DMA0_vStop
                0x0000000000001550       0x3c Controller Clang Debug/dma.o
                0x0000000000001550                DMA0_vStop
 .text.__NVIC_EnableIRQ
                0x000000000000158c       0x34 Controller Clang Debug/tpm.o
 .text.__NVIC_ClearPendingIRQ
                0x00000000000015c0       0x38 Controller Clang Debug/tpm.o
 .text.__NVIC_SetPriority
                0x00000000000015f8       0xec Controller Clang Debug/tpm.o
 .text.TPM2_vInit
                0x00000000000016e4       0x54 Controller Clang Debug/tpm.o
                0x00000000000016e4                TPM2_vInit
 .text.TPM2_vLoadCounter
                0x0000000000001738       0x1c Controller Clang Debug/tpm.o
                0x0000000000001738                TPM2_vLoadCounter
 .text.TPM2_vStart
                0x0000000000001754       0x10 Controller Clang Debug/tpm.o
                0x0000000000001754                TPM2_vStart
 .text.TPM2_vStop
                0x0000000000001764       0x10 Controller Clang Debug/tpm.o
                0x0000000000001764                TPM2_vStop
 .text.xEventGroupCreate
                0x0000000000001774       0x2c Controller Clang Debug/event_groups.o
                0x0000000000001774                xEventGroupCreate
 .text.xEventGroupWaitBits
                0x00000000000017a0      0x1f8 Controller Clang Debug/event_groups.o
                0x00000000000017a0                xEventGroupWaitBits
 .text.prvTestWaitCondition
                0x0000000000001998       0x56 Controller Clang Debug/event_groups.o
 .text.pvPortMalloc
                0x00000000000019ee       0x22 Controller Clang Debug/heap_3.o
                0x00000000000019ee                pvPortMalloc
 .text.vPortFree
                0x0000000000001a10       0x22 Controller Clang Debug/heap_3.o
                0x0000000000001a10                vPortFree
 .text.vListInitialise
                0x0000000000001a32       0x36 Controller Clang Debug/list.o
                0x0000000000001a32                vListInitialise
 .text.vListInitialiseItem
                0x0000000000001a68       0x10 Controller Clang Debug/list.o
                0x0000000000001a68                vListInitialiseItem
 .text.vListInsertEnd
                0x0000000000001a78       0x3e Controller Clang Debug/list.o
                0x0000000000001a78                vListInsertEnd
 *fill*         0x0000000000001ab6        0x2 
 .text.vListInsert
                0x0000000000001ab8       0x78 Controller Clang Debug/list.o
                0x0000000000001ab8                vListInsert
 .text.uxListRemove
                0x0000000000001b30       0x4a Controller Clang Debug/list.o
                0x0000000000001b30                uxListRemove
 *fill*         0x0000000000001b7a        0x2 
 .text.xQueueGenericReset
                0x0000000000001b7c       0xb4 Controller Clang Debug/queue.o
                0x0000000000001b7c                xQueueGenericReset
 .text.xQueueGenericCreate
                0x0000000000001c30       0xa8 Controller Clang Debug/queue.o
                0x0000000000001c30                xQueueGenericCreate
 .text.xQueueGenericSend
                0x0000000000001cd8      0x1bc Controller Clang Debug/queue.o
                0x0000000000001cd8                xQueueGenericSend
 .text.xQueueGenericSendFromISR
                0x0000000000001e94       0xf0 Controller Clang Debug/queue.o
                0x0000000000001e94                xQueueGenericSendFromISR
 .text.xQueueGenericReceive
                0x0000000000001f84      0x1e0 Controller Clang Debug/queue.o
                0x0000000000001f84                xQueueGenericReceive
 .text.prvCopyDataToQueue
                0x0000000000002164       0xd4 Controller Clang Debug/queue.o
 .text.prvCopyDataFromQueue
                0x0000000000002238       0x48 Controller Clang Debug/queue.o
 .text.prvUnlockQueue
                0x0000000000002280       0x90 Controller Clang Debug/queue.o
 .text.prvIsQueueEmpty
                0x0000000000002310       0x28 Controller Clang Debug/queue.o
 .text.prvIsQueueFull
                0x0000000000002338       0x2c Controller Clang Debug/queue.o
 .text.vQueueWaitForMessageRestricted
                0x0000000000002364       0x60 Controller Clang Debug/queue.o
                0x0000000000002364                vQueueWaitForMessageRestricted
 .text.xTaskGenericCreate
                0x00000000000023c4      0x194 Controller Clang Debug/tasks.o
                0x00000000000023c4                xTaskGenericCreate
 .text.vTaskDelete
                0x0000000000002558       0xbc Controller Clang Debug/tasks.o
                0x0000000000002558                vTaskDelete
 .text.vTaskStartScheduler
                0x0000000000002614       0x80 Controller Clang Debug/tasks.o
                0x0000000000002614                vTaskStartScheduler
 .text.vTaskSuspendAll
                0x0000000000002694       0x14 Controller Clang Debug/tasks.o
                0x0000000000002694                vTaskSuspendAll
 .text.xTaskResumeAll
                0x00000000000026a8      0x114 Controller Clang Debug/tasks.o
                0x00000000000026a8                xTaskResumeAll
 .text.xTaskGetTickCount
                0x00000000000027bc       0x28 Controller Clang Debug/tasks.o
                0x00000000000027bc                xTaskGetTickCount
 .text.xTaskIncrementTick
                0x00000000000027e4      0x198 Controller Clang Debug/tasks.o
                0x00000000000027e4                xTaskIncrementTick
 .text.vTaskSwitchContext
                0x000000000000297c       0xac Controller Clang Debug/tasks.o
                0x000000000000297c                vTaskSwitchContext
 .text.vTaskPlaceOnEventList
                0x0000000000002a28       0x9c Controller Clang Debug/tasks.o
                0x0000000000002a28                vTaskPlaceOnEventList
 .text.vTaskPlaceOnUnorderedEventList
                0x0000000000002ac4       0xd4 Controller Clang Debug/tasks.o
                0x0000000000002ac4                vTaskPlaceOnUnorderedEventList
 .text.vTaskPlaceOnEventListRestricted
                0x0000000000002b98       0x74 Controller Clang Debug/tasks.o
                0x0000000000002b98                vTaskPlaceOnEventListRestricted
 .text.xTaskRemoveFromEventList
                0x0000000000002c0c       0xc4 Controller Clang Debug/tasks.o
                0x0000000000002c0c                xTaskRemoveFromEventList
 .text.vTaskSetTimeOutState
                0x0000000000002cd0       0x40 Controller Clang Debug/tasks.o
                0x0000000000002cd0                vTaskSetTimeOutState
 .text.xTaskCheckForTimeOut
                0x0000000000002d10       0xd0 Controller Clang Debug/tasks.o
                0x0000000000002d10                xTaskCheckForTimeOut
 .text.vTaskMissedYield
                0x0000000000002de0       0x10 Controller Clang Debug/tasks.o
                0x0000000000002de0                vTaskMissedYield
 .text.prvIdleTask
                0x0000000000002df0       0x20 Controller Clang Debug/tasks.o
 .text.prvInitialiseTCBVariables
                0x0000000000002e10       0xaa Controller Clang Debug/tasks.o
 *fill*         0x0000000000002eba        0x2 
 .text.prvInitialiseTaskLists
                0x0000000000002ebc       0x84 Controller Clang Debug/tasks.o
 .text.prvCheckTasksWaitingTermination
                0x0000000000002f40       0x74 Controller Clang Debug/tasks.o
 .text.prvAddCurrentTaskToDelayedList
                0x0000000000002fb4       0x84 Controller Clang Debug/tasks.o
 .text.prvAllocateTCBAndStack
                0x0000000000003038       0x78 Controller Clang Debug/tasks.o
 .text.prvDeleteTCB
                0x00000000000030b0       0x1e Controller Clang Debug/tasks.o
 *fill*         0x00000000000030ce        0x2 
 .text.prvResetNextTaskUnblockTime
                0x00000000000030d0       0x40 Controller Clang Debug/tasks.o
 .text.xTaskGetCurrentTaskHandle
                0x0000000000003110       0x14 Controller Clang Debug/tasks.o
                0x0000000000003110                xTaskGetCurrentTaskHandle
 .text.xTaskGetSchedulerState
                0x0000000000003124       0x34 Controller Clang Debug/tasks.o
                0x0000000000003124                xTaskGetSchedulerState
 .text.vTaskPriorityInherit
                0x0000000000003158       0xc0 Controller Clang Debug/tasks.o
                0x0000000000003158                vTaskPriorityInherit
 .text.xTaskPriorityDisinherit
                0x0000000000003218       0xb4 Controller Clang Debug/tasks.o
                0x0000000000003218                xTaskPriorityDisinherit
 .text.uxTaskResetEventItemValue
                0x00000000000032cc       0x34 Controller Clang Debug/tasks.o
                0x00000000000032cc                uxTaskResetEventItemValue
 .text.pvTaskIncrementMutexHeldCount
                0x0000000000003300       0x20 Controller Clang Debug/tasks.o
                0x0000000000003300                pvTaskIncrementMutexHeldCount
 .text.ulTaskNotifyTake
                0x0000000000003320       0xd4 Controller Clang Debug/tasks.o
                0x0000000000003320                ulTaskNotifyTake
 .text.vTaskNotifyGiveFromISR
                0x00000000000033f4      0x100 Controller Clang Debug/tasks.o
                0x00000000000033f4                vTaskNotifyGiveFromISR
 .text.xTimerCreateTimerTask
                0x00000000000034f4       0x64 Controller Clang Debug/timers.o
                0x00000000000034f4                xTimerCreateTimerTask
 .text.xTimerGenericCommand
                0x0000000000003558       0x8c Controller Clang Debug/timers.o
                0x0000000000003558                xTimerGenericCommand
 .text.prvProcessExpiredTimer
                0x00000000000035e4       0x98 Controller Clang Debug/timers.o
 .text.prvTimerTask
                0x000000000000367c       0x2c Controller Clang Debug/timers.o
 .text.prvProcessTimerOrBlockTask
                0x00000000000036a8       0x90 Controller Clang Debug/timers.o
 .text.prvGetNextExpireTime
                0x0000000000003738       0x48 Controller Clang Debug/timers.o
 .text.prvSampleTimeNow
                0x0000000000003780       0x4c Controller Clang Debug/timers.o
 .text.prvInsertTimerInActiveList
                0x00000000000037cc       0xb4 Controller Clang Debug/timers.o
 .text.prvProcessReceivedCommands
                0x0000000000003880      0x160 Controller Clang Debug/timers.o
 .text.prvSwitchTimerLists
                0x00000000000039e0       0xdc Controller Clang Debug/timers.o
 .text.prvCheckForValidListAndQueue
                0x0000000000003abc       0x70 Controller Clang Debug/timers.o
 .text.prvTaskExitError
                0x0000000000003b2c       0x28 Controller Clang Debug/port.o
                0x0000000000003b2c                prvTaskExitError
 .text.pxPortInitialiseStack
                0x0000000000003b54       0x4c Controller Clang Debug/port.o
                0x0000000000003b54                pxPortInitialiseStack
 .text.vPortInitTickTimer
                0x0000000000003ba0       0x4c Controller Clang Debug/port.o
                0x0000000000003ba0                vPortInitTickTimer
 .text.vPortStartTickTimer
                0x0000000000003bec       0x10 Controller Clang Debug/port.o
                0x0000000000003bec                vPortStartTickTimer
 .text.xPortStartScheduler
                0x0000000000003bfc       0x44 Controller Clang Debug/port.o
                0x0000000000003bfc                xPortStartScheduler
 .text.vPortEnterCritical
                0x0000000000003c40       0x20 Controller Clang Debug/port.o
                0x0000000000003c40                vPortEnterCritical
 .text.vPortExitCritical
                0x0000000000003c60       0x24 Controller Clang Debug/port.o
                0x0000000000003c60                vPortExitCritical
 .text.vPortYieldFromISR
                0x0000000000003c84       0x18 Controller Clang Debug/port.o
                0x0000000000003c84                vPortYieldFromISR
 .text.SysTick_Handler
                0x0000000000003c9c       0x1c Controller Clang Debug/port.o
                0x0000000000003c9c                SysTick_Handler
 .text.vPortStartFirstTask
                0x0000000000003cb8       0x18 Controller Clang Debug/port.o
                0x0000000000003cb8                vPortStartFirstTask
 .text.SVC_Handler
                0x0000000000003cd0       0x2c Controller Clang Debug/port.o
                0x0000000000003cd0                SVC_Handler
 .text.PendSV_Handler
                0x0000000000003cfc       0x48 Controller Clang Debug/port.o
                0x0000000000003cfc                PendSV_Handler
 .text.ulPortSetInterruptMask
                0x0000000000003d44        0xc Controller Clang Debug/port.o
                0x0000000000003d44                ulPortSetInterruptMask
 .text.vPortClearInterruptMask
                0x0000000000003d50        0x8 Controller Clang Debug/port.o
                0x0000000000003d50                vPortClearInterruptMask
 .text.libc.__uint32_div
                0x0000000000003d58       0x28 /usr/share/crossworks_for_arm_4.7/lib/libc_v6m_t_le_eabi.a(libc_asm.o)
                0x0000000000003d58                __udivsi3
                0x0000000000003d58                __uint32_div
                0x0000000000003d58                __aeabi_uidiv
 .text.libc.malloc
                0x0000000000003d80       0x94 /usr/share/crossworks_for_arm_4.7/lib/libc_v6m_t_le_eabi.a(libc2.o)
                0x0000000000003d80                malloc
 .text.libc.free
                0x0000000000003e14       0xb4 /usr/share/crossworks_for_arm_4.7/lib/libc_v6m_t_le_eabi.a(libc2.o)
                0x0000000000003e14                free
 .text.libc.memcpy
                0x0000000000003ec8       0x16 /usr/share/crossworks_for_arm_4.7/lib/libc_v6m_t_le_eabi.a(libc2_asm.o)
                0x0000000000003ec8                memcpy
                0x0000000000003ec8                __aeabi_memcpy
                0x0000000000003ec8                __aeabi_memcpy4
                0x0000000000003ec8                __aeabi_memcpy8
 .text.libc.memset
                0x0000000000003ede       0x12 /usr/share/crossworks_for_arm_4.7/lib/libc_v6m_t_le_eabi.a(libc2_asm.o)
                0x0000000000003ede                memset
 .text.libc.setjmp
                0x0000000000003ef0       0x28 /usr/share/crossworks_for_arm_4.7/lib/libc_v6m_t_le_eabi.a(libc2_asm.o)
                0x0000000000003ef0                setjmp
 .text.libc.__heap_lock
                0x0000000000003f18        0x2 /usr/share/crossworks_for_arm_4.7/lib/libc_v6m_t_le_eabi.a(libc.o)
                0x0000000000003f18                __heap_lock
 .text.libc.__heap_unlock
                0x0000000000003f1a        0x2 /usr/share/crossworks_for_arm_4.7/lib/libc_v6m_t_le_eabi.a(libc.o)
                0x0000000000003f1a                __heap_unlock
                0x0000000000003f1c                __text_end__ = (__text_start__ + SIZEOF (.text))
                0x0000000000003938                __text_size__ = SIZEOF (.text)
                0x0000000000003f1c                __text_load_end__ = __text_end__

.vfp11_veneer   0x0000000100000000        0x0
 .vfp11_veneer  0x0000000100000000        0x0 linker stubs

.v4_bx          0x0000000100000000        0x0
 .v4_bx         0x0000000100000000        0x0 linker stubs

.iplt           0x0000000100000000        0x0
 .iplt          0x0000000100000000        0x0 Controller Clang Debug/main.o
                0x0000000000000001                . = ASSERT (((__text_start__ == __text_end__) || ((__text_end__ - __FLASH_segment_start__) <= __FLASH_segment_size__)), error: .text is too large to fit in FLASH memory segment)
                0x0000000000003f1c                __dtors_load_start__ = ALIGN (__text_end__, 0x4)

.dtors          0x0000000000003f1c        0x0
                0x0000000000003f1c                __dtors_start__ = .
 *(SORT_BY_NAME(.dtors.*))
 *(.dtors)
 *(.fini_array)
 *(SORT_BY_NAME(.fini_array.*))
                0x0000000000003f1c                __dtors_end__ = (__dtors_start__ + SIZEOF (.dtors))
                0x0000000000000000                __dtors_size__ = SIZEOF (.dtors)
                0x0000000000003f1c                __dtors_load_end__ = __dtors_end__
                0x0000000000000001                . = ASSERT (((__dtors_start__ == __dtors_end__) || ((__dtors_end__ - __FLASH_segment_start__) <= __FLASH_segment_size__)), error: .dtors is too large to fit in FLASH memory segment)
                0x0000000000003f1c                __ctors_load_start__ = ALIGN (__dtors_end__, 0x4)

.ctors          0x0000000000003f1c        0x0
                0x0000000000003f1c                __ctors_start__ = .
 *(SORT_BY_NAME(.ctors.*))
 *(.ctors)
 *(.init_array)
 *(SORT_BY_NAME(.init_array.*))
                0x0000000000003f1c                __ctors_end__ = (__ctors_start__ + SIZEOF (.ctors))
                0x0000000000000000                __ctors_size__ = SIZEOF (.ctors)
                0x0000000000003f1c                __ctors_load_end__ = __ctors_end__
                0x0000000000000001                . = ASSERT (((__ctors_start__ == __ctors_end__) || ((__ctors_end__ - __FLASH_segment_start__) <= __FLASH_segment_size__)), error: .ctors is too large to fit in FLASH memory segment)
                0x0000000000003f1c                __rodata_load_start__ = ALIGN (__ctors_end__, 0x4)

.rodata         0x0000000000003f1c      0x3d3
                0x0000000000003f1c                __rodata_start__ = .
 *(.rodata .rodata.* .gnu.linkonce.r.*)
 .rodata        0x0000000000003f1c       0x5d Controller Clang Debug/main.o
 *fill*         0x0000000000003f79        0x3 
 .rodata        0x0000000000003f7c       0x5d Controller Clang Debug/system.o
 *fill*         0x0000000000003fd9        0x3 
 .rodata        0x0000000000003fdc        0x5 Controller Clang Debug/comm.o
 *fill*         0x0000000000003fe1        0x3 
 .rodata        0x0000000000003fe4       0x54 Controller Clang Debug/spi.o
 .rodata        0x0000000000004038       0x66 Controller Clang Debug/nRF24L01.o
 *fill*         0x000000000000409e        0x2 
 .rodata        0x00000000000040a0       0x54 Controller Clang Debug/dma.o
 .rodata        0x00000000000040f4       0x5e Controller Clang Debug/event_groups.o
 *fill*         0x0000000000004152        0x2 
 .rodata        0x0000000000004154       0x57 Controller Clang Debug/queue.o
 *fill*         0x00000000000041ab        0x1 
 .rodata        0x00000000000041ac       0x5d Controller Clang Debug/tasks.o
 *fill*         0x0000000000004209        0x3 
 .rodata        0x000000000000420c       0x60 Controller Clang Debug/timers.o
 .rodata.prvProcessReceivedCommands
                0x000000000000426c       0x28 Controller Clang Debug/timers.o
 .rodata        0x0000000000004294       0x5b Controller Clang Debug/port.o
                0x00000000000042ef                __rodata_end__ = (__rodata_start__ + SIZEOF (.rodata))
                0x00000000000003d3                __rodata_size__ = SIZEOF (.rodata)
                0x00000000000042ef                __rodata_load_end__ = __rodata_end__

.rel.dyn        0x0000000000000000        0x0
 .rel.iplt      0x0000000000000000        0x0 Controller Clang Debug/main.o
                0x0000000000000001                . = ASSERT (((__rodata_start__ == __rodata_end__) || ((__rodata_end__ - __FLASH_segment_start__) <= __FLASH_segment_size__)), error: .rodata is too large to fit in FLASH memory segment)
                0x00000000000042f0                __ARM.exidx_load_start__ = ALIGN (__rodata_end__, 0x4)

.ARM.exidx      0x00000000000042f0        0x0
                0x00000000000042f0                __ARM.exidx_start__ = .
                0x00000000000042f0                __exidx_start = __ARM.exidx_start__
 *(.ARM.exidx .ARM.exidx.*)
                0x00000000000042f0                __ARM.exidx_end__ = (__ARM.exidx_start__ + SIZEOF (.ARM.exidx))
                0x0000000000000000                __ARM.exidx_size__ = SIZEOF (.ARM.exidx)
                0x00000000000042f0                __exidx_end = __ARM.exidx_end__
                0x00000000000042f0                __ARM.exidx_load_end__ = __ARM.exidx_end__
                0x0000000000000001                . = ASSERT (((__ARM.exidx_start__ == __ARM.exidx_end__) || ((__ARM.exidx_end__ - __FLASH_segment_start__) <= __FLASH_segment_size__)), error: .ARM.exidx is too large to fit in FLASH memory segment)
                0x00000000000042f0                __fast_load_start__ = ALIGN (__ARM.exidx_end__, 0x4)

.fast           0x000000001ffff000        0x0 load address 0x00000000000042f0
                0x000000001ffff000                __fast_start__ = .
 *(.fast .fast.*)
                0x000000001ffff000                __fast_end__ = (__fast_start__ + SIZEOF (.fast))
                0x0000000000000000                __fast_size__ = SIZEOF (.fast)
                0x00000000000042f0                __fast_load_end__ = (__fast_load_start__ + SIZEOF (.fast))
                0x0000000000000001                . = ASSERT (((__fast_load_start__ == __fast_load_end__) || ((__fast_load_end__ - __FLASH_segment_start__) <= __FLASH_segment_size__)), error: .fast is too large to fit in FLASH memory segment)

.fast_run       0x000000001ffff000        0x0
                0x000000001ffff000                __fast_run_start__ = .
                0x000000001ffff000                . = MAX ((__fast_run_start__ + SIZEOF (.fast)), .)
                0x000000001ffff000                __fast_run_end__ = (__fast_run_start__ + SIZEOF (.fast_run))
                0x0000000000000000                __fast_run_size__ = SIZEOF (.fast_run)
                0x000000001ffff000                __fast_run_load_end__ = __fast_run_end__
                0x0000000000000001                . = ASSERT (((__fast_run_start__ == __fast_run_end__) || ((__fast_run_end__ - __SRAM_segment_start__) <= __SRAM_segment_size__)), error: .fast_run is too large to fit in SRAM memory segment)
                0x00000000000042f0                __data_load_start__ = ALIGN ((__fast_load_start__ + SIZEOF (.fast)), 0x4)

.data           0x000000001ffff000       0x10 load address 0x00000000000042f0
                0x000000001ffff000                __data_start__ = .
 *(.data .data.* .gnu.linkonce.d.*)
 .data.SystemCoreClock
                0x000000001ffff000        0x4 Controller Clang Debug/system_MKL25Z4.o
                0x000000001ffff000                SystemCoreClock
 .data.xNextTaskUnblockTime
                0x000000001ffff004        0x2 Controller Clang Debug/tasks.o
 *fill*         0x000000001ffff006        0x2 
 .data.uxCriticalNesting
                0x000000001ffff008        0x4 Controller Clang Debug/port.o
 .data.libc.heap
                0x000000001ffff00c        0x4 /usr/share/crossworks_for_arm_4.7/lib/libc_v6m_t_le_eabi.a(libc2.o)
                0x000000001ffff010                __data_end__ = (__data_start__ + SIZEOF (.data))
                0x0000000000000010                __data_size__ = SIZEOF (.data)
                0x0000000000004300                __data_load_end__ = (__data_load_start__ + SIZEOF (.data))

.igot.plt       0x0000000100000000        0x0
 .igot.plt      0x0000000100000000        0x0 Controller Clang Debug/main.o
                0x0000000000000001                . = ASSERT (((__data_load_start__ == __data_load_end__) || ((__data_load_end__ - __FLASH_segment_start__) <= __FLASH_segment_size__)), error: .data is too large to fit in FLASH memory segment)

.data_run       0x000000001ffff000       0x10 load address 0x00000000000042f0
                0x000000001ffff000                __data_run_start__ = .
                0x000000001ffff010                . = MAX ((__data_run_start__ + SIZEOF (.data)), .)
 *fill*         0x000000001ffff000       0x10 
                0x000000001ffff010                __data_run_end__ = (__data_run_start__ + SIZEOF (.data_run))
                0x0000000000000010                __data_run_size__ = SIZEOF (.data_run)
                0x000000001ffff010                __data_run_load_end__ = __data_run_end__
                0x0000000000000001                . = ASSERT (((__data_run_start__ == __data_run_end__) || ((__data_run_end__ - __SRAM_segment_start__) <= __SRAM_segment_size__)), error: .data_run is too large to fit in SRAM memory segment)
                0x000000001ffff010                __bss_load_start__ = ALIGN (__data_run_end__, 0x4)

.bss            0x000000001ffff010      0x270
                0x000000001ffff010                __bss_start__ = .
 *(.bss .bss.* .gnu.linkonce.b.*)
 .bss.xCommQueue
                0x000000001ffff010        0x4 Controller Clang Debug/comm.o
                0x000000001ffff010                xCommQueue
 .bss.xCommTask
                0x000000001ffff014        0x4 Controller Clang Debug/comm.o
                0x000000001ffff014                xCommTask
 .bss.xCommEvent
                0x000000001ffff018        0x4 Controller Clang Debug/comm.o
                0x000000001ffff018                xCommEvent
 .bss.pxCurrentTCB
                0x000000001ffff01c        0x4 Controller Clang Debug/tasks.o
                0x000000001ffff01c                pxCurrentTCB
 .bss.pxReadyTasksLists
                0x000000001ffff020      0x168 Controller Clang Debug/tasks.o
 .bss.xDelayedTaskList1
                0x000000001ffff188       0x14 Controller Clang Debug/tasks.o
 .bss.xDelayedTaskList2
                0x000000001ffff19c       0x14 Controller Clang Debug/tasks.o
 .bss.pxDelayedTaskList
                0x000000001ffff1b0        0x4 Controller Clang Debug/tasks.o
 .bss.pxOverflowDelayedTaskList
                0x000000001ffff1b4        0x4 Controller Clang Debug/tasks.o
 .bss.xPendingReadyList
                0x000000001ffff1b8       0x14 Controller Clang Debug/tasks.o
 .bss.xTasksWaitingTermination
                0x000000001ffff1cc       0x14 Controller Clang Debug/tasks.o
 .bss.uxTasksDeleted
                0x000000001ffff1e0        0x4 Controller Clang Debug/tasks.o
 .bss.xSuspendedTaskList
                0x000000001ffff1e4       0x14 Controller Clang Debug/tasks.o
 .bss.uxCurrentNumberOfTasks
                0x000000001ffff1f8        0x4 Controller Clang Debug/tasks.o
 .bss.xTickCount
                0x000000001ffff1fc        0x2 Controller Clang Debug/tasks.o
 *fill*         0x000000001ffff1fe        0x2 
 .bss.uxTopReadyPriority
                0x000000001ffff200        0x4 Controller Clang Debug/tasks.o
 .bss.xSchedulerRunning
                0x000000001ffff204        0x4 Controller Clang Debug/tasks.o
 .bss.uxPendedTicks
                0x000000001ffff208        0x4 Controller Clang Debug/tasks.o
 .bss.xYieldPending
                0x000000001ffff20c        0x4 Controller Clang Debug/tasks.o
 .bss.xNumOfOverflows
                0x000000001ffff210        0x4 Controller Clang Debug/tasks.o
 .bss.uxTaskNumber
                0x000000001ffff214        0x4 Controller Clang Debug/tasks.o
 .bss.uxSchedulerSuspended
                0x000000001ffff218        0x4 Controller Clang Debug/tasks.o
 .bss.xActiveTimerList1
                0x000000001ffff21c       0x14 Controller Clang Debug/timers.o
 .bss.xActiveTimerList2
                0x000000001ffff230       0x14 Controller Clang Debug/timers.o
 .bss.pxCurrentTimerList
                0x000000001ffff244        0x4 Controller Clang Debug/timers.o
 .bss.pxOverflowTimerList
                0x000000001ffff248        0x4 Controller Clang Debug/timers.o
 .bss.xTimerQueue
                0x000000001ffff24c        0x4 Controller Clang Debug/timers.o
 .bss.xLastTime.4564
                0x000000001ffff250        0x2 Controller Clang Debug/timers.o
 *fill*         0x000000001ffff252        0x2 
 .bss.xJumpBuf  0x000000001ffff254       0x2c Controller Clang Debug/port.o
 *(COMMON)
                0x000000001ffff280                __bss_end__ = (__bss_start__ + SIZEOF (.bss))
                0x0000000000000270                __bss_size__ = SIZEOF (.bss)
                0x000000001ffff280                __bss_load_end__ = __bss_end__
                0x0000000000000001                . = ASSERT (((__bss_start__ == __bss_end__) || ((__bss_end__ - __SRAM_segment_start__) <= __SRAM_segment_size__)), error: .bss is too large to fit in SRAM memory segment)
                0x000000001ffff280                __tbss_load_start__ = ALIGN (__bss_end__, 0x4)

.tbss           0x000000001ffff280        0x0
                0x000000001ffff280                __tbss_start__ = .
 *(.tbss .tbss.*)
                0x000000001ffff280                __tbss_end__ = (__tbss_start__ + SIZEOF (.tbss))
                0x0000000000000000                __tbss_size__ = SIZEOF (.tbss)
                0x000000001ffff280                __tbss_load_end__ = __tbss_end__
                0x0000000000000001                . = ASSERT (((__tbss_start__ == __tbss_end__) || ((__tbss_end__ - __SRAM_segment_start__) <= __SRAM_segment_size__)), error: .tbss is too large to fit in SRAM memory segment)
                0x0000000000004300                __tdata_load_start__ = ALIGN ((__data_load_start__ + SIZEOF (.data)), 0x4)

.tdata          0x000000001ffff280        0x0 load address 0x0000000000004300
                0x000000001ffff280                __tdata_start__ = .
 *(.tdata .tdata.*)
                0x000000001ffff280                __tdata_end__ = (__tdata_start__ + SIZEOF (.tdata))
                0x0000000000000000                __tdata_size__ = SIZEOF (.tdata)
                0x0000000000004300                __tdata_load_end__ = (__tdata_load_start__ + SIZEOF (.tdata))
                0x0000000000004300                __FLASH_segment_used_end__ = (ALIGN ((__data_load_start__ + SIZEOF (.data)), 0x4) + SIZEOF (.tdata))
                0x0000000000004300                __FLASH_segment_used_size__ = (__FLASH_segment_used_end__ - __FLASH_segment_start__)
                0x0000000000000001                . = ASSERT (((__tdata_load_start__ == __tdata_load_end__) || ((__tdata_load_end__ - __FLASH_segment_start__) <= __FLASH_segment_size__)), error: .tdata is too large to fit in FLASH memory segment)

.tdata_run      0x000000001ffff280        0x0
                0x000000001ffff280                __tdata_run_start__ = .
                0x000000001ffff280                . = MAX ((__tdata_run_start__ + SIZEOF (.tdata)), .)
                0x000000001ffff280                __tdata_run_end__ = (__tdata_run_start__ + SIZEOF (.tdata_run))
                0x0000000000000000                __tdata_run_size__ = SIZEOF (.tdata_run)
                0x000000001ffff280                __tdata_run_load_end__ = __tdata_run_end__
                0x0000000000000001                . = ASSERT (((__tdata_run_start__ == __tdata_run_end__) || ((__tdata_run_end__ - __SRAM_segment_start__) <= __SRAM_segment_size__)), error: .tdata_run is too large to fit in SRAM memory segment)
                0x000000001ffff280                __non_init_load_start__ = ALIGN (__tdata_run_end__, 0x4)

.non_init       0x000000001ffff280        0x0
                0x000000001ffff280                __non_init_start__ = .
 *(.non_init .non_init.*)
                0x000000001ffff280                __non_init_end__ = (__non_init_start__ + SIZEOF (.non_init))
                0x0000000000000000                __non_init_size__ = SIZEOF (.non_init)
                0x000000001ffff280                __non_init_load_end__ = __non_init_end__
                0x0000000000000001                . = ASSERT (((__non_init_start__ == __non_init_end__) || ((__non_init_end__ - __SRAM_segment_start__) <= __SRAM_segment_size__)), error: .non_init is too large to fit in SRAM memory segment)
                0x000000001ffff280                __heap_load_start__ = ALIGN (__non_init_end__, 0x4)

.heap           0x000000001ffff280     0x12c0
                0x000000001ffff280                __heap_start__ = .
 *(.heap .heap.*)
                0x0000000020000540                . = ALIGN (MAX ((__heap_start__ + __HEAPSIZE__), .), 0x4)
 *fill*         0x000000001ffff280     0x12c0 
                0x0000000020000540                __heap_end__ = (__heap_start__ + SIZEOF (.heap))
                0x00000000000012c0                __heap_size__ = SIZEOF (.heap)
                0x0000000020000540                __heap_load_end__ = __heap_end__
                0x0000000000000001                . = ASSERT (((__heap_start__ == __heap_end__) || ((__heap_end__ - __SRAM_segment_start__) <= __SRAM_segment_size__)), error: .heap is too large to fit in SRAM memory segment)
                0x0000000020000540                __stack_load_start__ = ALIGN (__heap_end__, 0x8)

.stack          0x0000000020000540      0x7d0
                0x0000000020000540                __stack_start__ = .
 *(.stack .stack.*)
                0x0000000020000d10                . = ALIGN (MAX ((__stack_start__ + __STACKSIZE__), .), 0x8)
 *fill*         0x0000000020000540      0x7d0 
                0x0000000020000d10                __stack_end__ = (__stack_start__ + SIZEOF (.stack))
                0x00000000000007d0                __stack_size__ = SIZEOF (.stack)
                0x0000000020000d10                __stack_load_end__ = __stack_end__
                0x0000000000000001                . = ASSERT (((__stack_start__ == __stack_end__) || ((__stack_end__ - __SRAM_segment_start__) <= __SRAM_segment_size__)), error: .stack is too large to fit in SRAM memory segment)
                0x0000000020000d10                __stack_process_load_start__ = ALIGN (__stack_end__, 0x8)

.stack_process  0x0000000020000d10        0x0
                0x0000000020000d10                __stack_process_start__ = .
 *(.stack_process .stack_process.*)
                0x0000000020000d10                . = ALIGN (MAX ((__stack_process_start__ + __STACKSIZE_PROCESS__), .), 0x8)
                0x0000000020000d10                __stack_process_end__ = (__stack_process_start__ + SIZEOF (.stack_process))
                0x0000000000000000                __stack_process_size__ = SIZEOF (.stack_process)
                0x0000000020000d10                __stack_process_load_end__ = __stack_process_end__
                0x0000000020000d10                __SRAM_segment_used_end__ = (ALIGN (__stack_end__, 0x8) + SIZEOF (.stack_process))
                0x0000000000001d10                __SRAM_segment_used_size__ = (__SRAM_segment_used_end__ - __SRAM_segment_start__)
                0x0000000000000001                . = ASSERT (((__stack_process_start__ == __stack_process_end__) || ((__stack_process_end__ - __SRAM_segment_start__) <= __SRAM_segment_size__)), error: .stack_process is too large to fit in SRAM memory segment)
START GROUP
LOAD Controller Clang Debug/main.o
LOAD Controller Clang Debug/system.o
LOAD Controller Clang Debug/comm.o
LOAD Controller Clang Debug/thumb_crt0.o
LOAD Controller Clang Debug/Kinetis_Startup.o
LOAD Controller Clang Debug/system_MKL25Z4.o
LOAD Controller Clang Debug/spi.o
LOAD Controller Clang Debug/nRF24L01.o
LOAD Controller Clang Debug/dma.o
LOAD Controller Clang Debug/tpm.o
LOAD Controller Clang Debug/croutine.o
LOAD Controller Clang Debug/event_groups.o
LOAD Controller Clang Debug/heap_3.o
LOAD Controller Clang Debug/list.o
LOAD Controller Clang Debug/queue.o
LOAD Controller Clang Debug/tasks.o
LOAD Controller Clang Debug/timers.o
LOAD Controller Clang Debug/port.o
LOAD /usr/share/crossworks_for_arm_4.7/lib/libm_v6m_t_le_eabi.a
LOAD /usr/share/crossworks_for_arm_4.7/lib/libc_v6m_t_le_eabi.a
LOAD /usr/share/crossworks_for_arm_4.7/lib/libdebugio_v6m_t_le_eabi.a
END GROUP
OUTPUT(Controller Clang Debug/Controller.elf elf32-littlearm)
LOAD linker stubs

.debug_frame    0x0000000000000000     0x14b0
 .debug_frame   0x0000000000000000       0x30 Controller Clang Debug/main.o
 .debug_frame   0x0000000000000030      0x104 Controller Clang Debug/system.o
 .debug_frame   0x0000000000000134       0x54 Controller Clang Debug/comm.o
 .debug_frame   0x0000000000000188       0x40 Controller Clang Debug/system_MKL25Z4.o
 .debug_frame   0x00000000000001c8       0xb4 Controller Clang Debug/spi.o
 .debug_frame   0x000000000000027c      0x1e4 Controller Clang Debug/nRF24L01.o
 .debug_frame   0x0000000000000460       0xc0 Controller Clang Debug/dma.o
 .debug_frame   0x0000000000000520       0xb8 Controller Clang Debug/tpm.o
 .debug_frame   0x00000000000005d8      0x150 Controller Clang Debug/event_groups.o
 .debug_frame   0x0000000000000728       0x50 Controller Clang Debug/heap_3.o
 .debug_frame   0x0000000000000778       0x88 Controller Clang Debug/list.o
 .debug_frame   0x0000000000000800      0x338 Controller Clang Debug/queue.o
 .debug_frame   0x0000000000000b38      0x5c8 Controller Clang Debug/tasks.o
 .debug_frame   0x0000000000001100      0x22c Controller Clang Debug/timers.o
 .debug_frame   0x000000000000132c      0x184 Controller Clang Debug/port.o

.debug_info     0x0000000000000000     0xb286
 .debug_info    0x0000000000000000      0x66c Controller Clang Debug/main.o
 .debug_info    0x000000000000066c      0x975 Controller Clang Debug/system.o
 .debug_info    0x0000000000000fe1      0x893 Controller Clang Debug/comm.o
 .debug_info    0x0000000000001874       0x22 Controller Clang Debug/thumb_crt0.o
 .debug_info    0x0000000000001896       0x26 Controller Clang Debug/Kinetis_Startup.o
 .debug_info    0x00000000000018bc      0x697 Controller Clang Debug/system_MKL25Z4.o
 .debug_info    0x0000000000001f53      0xb51 Controller Clang Debug/spi.o
 .debug_info    0x0000000000002aa4      0xead Controller Clang Debug/nRF24L01.o
 .debug_info    0x0000000000003951      0x89c Controller Clang Debug/dma.o
 .debug_info    0x00000000000041ed      0xc65 Controller Clang Debug/tpm.o
 .debug_info    0x0000000000004e52      0xcf2 Controller Clang Debug/event_groups.o
 .debug_info    0x0000000000005b44      0x630 Controller Clang Debug/heap_3.o
 .debug_info    0x0000000000006174      0x804 Controller Clang Debug/list.o
 .debug_info    0x0000000000006978     0x1422 Controller Clang Debug/queue.o
 .debug_info    0x0000000000007d9a     0x1ca9 Controller Clang Debug/tasks.o
 .debug_info    0x0000000000009a43      0xff7 Controller Clang Debug/timers.o
 .debug_info    0x000000000000aa3a      0x84c Controller Clang Debug/port.o

.debug_abbrev   0x0000000000000000     0x1e0b
 .debug_abbrev  0x0000000000000000      0x13d Controller Clang Debug/main.o
 .debug_abbrev  0x000000000000013d      0x1e2 Controller Clang Debug/system.o
 .debug_abbrev  0x000000000000031f      0x1a7 Controller Clang Debug/comm.o
 .debug_abbrev  0x00000000000004c6       0x12 Controller Clang Debug/thumb_crt0.o
 .debug_abbrev  0x00000000000004d8       0x14 Controller Clang Debug/Kinetis_Startup.o
 .debug_abbrev  0x00000000000004ec      0x158 Controller Clang Debug/system_MKL25Z4.o
 .debug_abbrev  0x0000000000000644      0x22a Controller Clang Debug/spi.o
 .debug_abbrev  0x000000000000086e      0x2d7 Controller Clang Debug/nRF24L01.o
 .debug_abbrev  0x0000000000000b45      0x1df Controller Clang Debug/dma.o
 .debug_abbrev  0x0000000000000d24      0x235 Controller Clang Debug/tpm.o
 .debug_abbrev  0x0000000000000f59      0x210 Controller Clang Debug/event_groups.o
 .debug_abbrev  0x0000000000001169      0x17b Controller Clang Debug/heap_3.o
 .debug_abbrev  0x00000000000012e4      0x186 Controller Clang Debug/list.o
 .debug_abbrev  0x000000000000146a      0x225 Controller Clang Debug/queue.o
 .debug_abbrev  0x000000000000168f      0x2f7 Controller Clang Debug/tasks.o
 .debug_abbrev  0x0000000000001986      0x251 Controller Clang Debug/timers.o
 .debug_abbrev  0x0000000000001bd7      0x234 Controller Clang Debug/port.o

.debug_pubnames
                0x0000000000000000     0x2432
 .debug_pubnames
                0x0000000000000000       0x1b Controller Clang Debug/main.o
 .debug_pubnames
                0x000000000000001b       0xd6 Controller Clang Debug/system.o
 .debug_pubnames
                0x00000000000000f1      0x108 Controller Clang Debug/comm.o
 .debug_pubnames
                0x00000000000001f9      0x29d Controller Clang Debug/system_MKL25Z4.o
 .debug_pubnames
                0x0000000000000496       0xe4 Controller Clang Debug/spi.o
 .debug_pubnames
                0x000000000000057a      0x454 Controller Clang Debug/nRF24L01.o
 .debug_pubnames
                0x00000000000009ce       0x82 Controller Clang Debug/dma.o
 .debug_pubnames
                0x0000000000000a50      0x2eb Controller Clang Debug/tpm.o
 .debug_pubnames
                0x0000000000000d3b      0x1e9 Controller Clang Debug/event_groups.o
 .debug_pubnames
                0x0000000000000f24       0x31 Controller Clang Debug/heap_3.o
 .debug_pubnames
                0x0000000000000f55       0x72 Controller Clang Debug/list.o
 .debug_pubnames
                0x0000000000000fc7      0x4ce Controller Clang Debug/queue.o
 .debug_pubnames
                0x0000000000001495      0xa80 Controller Clang Debug/tasks.o
 .debug_pubnames
                0x0000000000001f15      0x331 Controller Clang Debug/timers.o
 .debug_pubnames
                0x0000000000002246      0x1ec Controller Clang Debug/port.o

.debug_pubtypes
                0x0000000000000000     0x2093
 .debug_pubtypes
                0x0000000000000000      0x1d7 Controller Clang Debug/main.o
 .debug_pubtypes
                0x00000000000001d7      0x1f0 Controller Clang Debug/system.o
 .debug_pubtypes
                0x00000000000003c7      0x23c Controller Clang Debug/comm.o
 .debug_pubtypes
                0x0000000000000603      0x12a Controller Clang Debug/system_MKL25Z4.o
 .debug_pubtypes
                0x000000000000072d      0x25b Controller Clang Debug/spi.o
 .debug_pubtypes
                0x0000000000000988      0x272 Controller Clang Debug/nRF24L01.o
 .debug_pubtypes
                0x0000000000000bfa      0x1ff Controller Clang Debug/dma.o
 .debug_pubtypes
                0x0000000000000df9      0x1ea Controller Clang Debug/tpm.o
 .debug_pubtypes
                0x0000000000000fe3      0x275 Controller Clang Debug/event_groups.o
 .debug_pubtypes
                0x0000000000001258      0x18c Controller Clang Debug/heap_3.o
 .debug_pubtypes
                0x00000000000013e4      0x207 Controller Clang Debug/list.o
 .debug_pubtypes
                0x00000000000015eb      0x291 Controller Clang Debug/queue.o
 .debug_pubtypes
                0x000000000000187c      0x300 Controller Clang Debug/tasks.o
 .debug_pubtypes
                0x0000000000001b7c      0x33f Controller Clang Debug/timers.o
 .debug_pubtypes
                0x0000000000001ebb      0x1d8 Controller Clang Debug/port.o

.debug_aranges  0x0000000000000000      0x780
 .debug_aranges
                0x0000000000000000       0x20 Controller Clang Debug/main.o
 .debug_aranges
                0x0000000000000020       0x68 Controller Clang Debug/system.o
 .debug_aranges
                0x0000000000000088       0x28 Controller Clang Debug/comm.o
 .debug_aranges
                0x00000000000000b0       0x88 Controller Clang Debug/thumb_crt0.o
 .debug_aranges
                0x0000000000000138       0x20 Controller Clang Debug/Kinetis_Startup.o
 .debug_aranges
                0x0000000000000158       0x28 Controller Clang Debug/system_MKL25Z4.o
 .debug_aranges
                0x0000000000000180       0x48 Controller Clang Debug/spi.o
 .debug_aranges
                0x00000000000001c8       0x90 Controller Clang Debug/nRF24L01.o
 .debug_aranges
                0x0000000000000258       0x48 Controller Clang Debug/dma.o
 .debug_aranges
                0x00000000000002a0       0x50 Controller Clang Debug/tpm.o
 .debug_aranges
                0x00000000000002f0       0x68 Controller Clang Debug/event_groups.o
 .debug_aranges
                0x0000000000000358       0x28 Controller Clang Debug/heap_3.o
 .debug_aranges
                0x0000000000000380       0x40 Controller Clang Debug/list.o
 .debug_aranges
                0x00000000000003c0       0xe0 Controller Clang Debug/queue.o
 .debug_aranges
                0x00000000000004a0      0x1a0 Controller Clang Debug/tasks.o
 .debug_aranges
                0x0000000000000640       0xa0 Controller Clang Debug/timers.o
 .debug_aranges
                0x00000000000006e0       0xa0 Controller Clang Debug/port.o

.debug_ranges   0x0000000000000000      0x668
 .debug_ranges  0x0000000000000000       0x10 Controller Clang Debug/main.o
 .debug_ranges  0x0000000000000010       0x58 Controller Clang Debug/system.o
 .debug_ranges  0x0000000000000068       0x18 Controller Clang Debug/comm.o
 .debug_ranges  0x0000000000000080       0x80 Controller Clang Debug/thumb_crt0.o
 .debug_ranges  0x0000000000000100       0x18 Controller Clang Debug/system_MKL25Z4.o
 .debug_ranges  0x0000000000000118       0x38 Controller Clang Debug/spi.o
 .debug_ranges  0x0000000000000150       0x80 Controller Clang Debug/nRF24L01.o
 .debug_ranges  0x00000000000001d0       0x38 Controller Clang Debug/dma.o
 .debug_ranges  0x0000000000000208       0x40 Controller Clang Debug/tpm.o
 .debug_ranges  0x0000000000000248       0x58 Controller Clang Debug/event_groups.o
 .debug_ranges  0x00000000000002a0       0x18 Controller Clang Debug/heap_3.o
 .debug_ranges  0x00000000000002b8       0x30 Controller Clang Debug/list.o
 .debug_ranges  0x00000000000002e8       0xd0 Controller Clang Debug/queue.o
 .debug_ranges  0x00000000000003b8      0x190 Controller Clang Debug/tasks.o
 .debug_ranges  0x0000000000000548       0x90 Controller Clang Debug/timers.o
 .debug_ranges  0x00000000000005d8       0x90 Controller Clang Debug/port.o

.debug_macro    0x0000000000000000     0xb7eb
 .debug_macro   0x0000000000000000      0x181 Controller Clang Debug/main.o
 .debug_macro   0x0000000000000181      0xab4 Controller Clang Debug/main.o
 .debug_macro   0x0000000000000c35       0x16 Controller Clang Debug/main.o
 .debug_macro   0x0000000000000c4b      0x18d Controller Clang Debug/main.o
 .debug_macro   0x0000000000000dd8       0x3a Controller Clang Debug/main.o
 .debug_macro   0x0000000000000e12       0x1c Controller Clang Debug/main.o
 .debug_macro   0x0000000000000e2e       0x22 Controller Clang Debug/main.o
 .debug_macro   0x0000000000000e50       0xd0 Controller Clang Debug/main.o
 .debug_macro   0x0000000000000f20      0x3ad Controller Clang Debug/main.o
 .debug_macro   0x00000000000012cd       0xbe Controller Clang Debug/main.o
 .debug_macro   0x000000000000138b     0x8439 Controller Clang Debug/main.o
 .debug_macro   0x00000000000097c4       0x89 Controller Clang Debug/main.o
 .debug_macro   0x000000000000984d       0x1c Controller Clang Debug/main.o
 .debug_macro   0x0000000000009869      0x24c Controller Clang Debug/main.o
 .debug_macro   0x0000000000009ab5       0x22 Controller Clang Debug/main.o
 .debug_macro   0x0000000000009ad7       0x52 Controller Clang Debug/main.o
 .debug_macro   0x0000000000009b29       0xce Controller Clang Debug/main.o
 .debug_macro   0x0000000000009bf7       0x10 Controller Clang Debug/main.o
 .debug_macro   0x0000000000009c07       0x1f Controller Clang Debug/main.o
 .debug_macro   0x0000000000009c26       0xc0 Controller Clang Debug/main.o
 .debug_macro   0x0000000000009ce6       0x70 Controller Clang Debug/main.o
 .debug_macro   0x0000000000009d56      0x337 Controller Clang Debug/main.o
 .debug_macro   0x000000000000a08d       0x97 Controller Clang Debug/main.o
 .debug_macro   0x000000000000a124       0x19 Controller Clang Debug/main.o
 .debug_macro   0x000000000000a13d       0x22 Controller Clang Debug/main.o
 .debug_macro   0x000000000000a15f       0xb0 Controller Clang Debug/main.o
 .debug_macro   0x000000000000a20f       0x7f Controller Clang Debug/main.o
 .debug_macro   0x000000000000a28e       0x1c Controller Clang Debug/main.o
 .debug_macro   0x000000000000a2aa       0x1c Controller Clang Debug/main.o
 .debug_macro   0x000000000000a2c6       0xdc Controller Clang Debug/main.o
 .debug_macro   0x000000000000a3a2       0x22 Controller Clang Debug/main.o
 .debug_macro   0x000000000000a3c4      0x187 Controller Clang Debug/system.o
 .debug_macro   0x000000000000a54b      0x199 Controller Clang Debug/comm.o
 .debug_macro   0x000000000000a6e4       0x10 Controller Clang Debug/comm.o
 .debug_macro   0x000000000000a6f4       0x4c Controller Clang Debug/comm.o
 .debug_macro   0x000000000000a740       0x16 Controller Clang Debug/comm.o
 .debug_macro   0x000000000000a756       0x22 Controller Clang Debug/comm.o
 .debug_macro   0x000000000000a778       0x7c Controller Clang Debug/comm.o
 .debug_macro   0x000000000000a7f4       0x63 Controller Clang Debug/system_MKL25Z4.o
 .debug_macro   0x000000000000a857      0x1bc Controller Clang Debug/spi.o
 .debug_macro   0x000000000000aa13      0x332 Controller Clang Debug/nRF24L01.o
 .debug_macro   0x000000000000ad45      0x19f Controller Clang Debug/dma.o
 .debug_macro   0x000000000000aee4       0xa1 Controller Clang Debug/tpm.o
 .debug_macro   0x000000000000af85       0x2e Controller Clang Debug/tpm.o
 .debug_macro   0x000000000000afb3       0xed Controller Clang Debug/event_groups.o
 .debug_macro   0x000000000000b0a0       0x10 Controller Clang Debug/event_groups.o
 .debug_macro   0x000000000000b0b0       0xb9 Controller Clang Debug/heap_3.o
 .debug_macro   0x000000000000b169       0xad Controller Clang Debug/list.o
 .debug_macro   0x000000000000b216      0x103 Controller Clang Debug/queue.o
 .debug_macro   0x000000000000b319      0x13c Controller Clang Debug/tasks.o
 .debug_macro   0x000000000000b455       0x16 Controller Clang Debug/tasks.o
 .debug_macro   0x000000000000b46b       0xd1 Controller Clang Debug/timers.o
 .debug_macro   0x000000000000b53c      0x1a1 Controller Clang Debug/port.o
 .debug_macro   0x000000000000b6dd       0xc8 Controller Clang Debug/port.o
 .debug_macro   0x000000000000b7a5       0x46 Controller Clang Debug/port.o

.debug_line     0x0000000000000000     0x696a
 .debug_line    0x0000000000000000      0x5cd Controller Clang Debug/main.o
 .debug_line    0x00000000000005cd      0x6ce Controller Clang Debug/system.o
 .debug_line    0x0000000000000c9b      0x61a Controller Clang Debug/comm.o
 .debug_line    0x00000000000012b5      0x200 Controller Clang Debug/thumb_crt0.o
 .debug_line    0x00000000000014b5       0xf2 Controller Clang Debug/Kinetis_Startup.o
 .debug_line    0x00000000000015a7      0x399 Controller Clang Debug/system_MKL25Z4.o
 .debug_line    0x0000000000001940      0x73f Controller Clang Debug/spi.o
 .debug_line    0x000000000000207f      0x8b5 Controller Clang Debug/nRF24L01.o
 .debug_line    0x0000000000002934      0x708 Controller Clang Debug/dma.o
 .debug_line    0x000000000000303c      0x3a0 Controller Clang Debug/tpm.o
 .debug_line    0x00000000000033dc      0x5af Controller Clang Debug/event_groups.o
 .debug_line    0x000000000000398b      0x2bc Controller Clang Debug/heap_3.o
 .debug_line    0x0000000000003c47      0x38f Controller Clang Debug/list.o
 .debug_line    0x0000000000003fd6      0xbbd Controller Clang Debug/queue.o
 .debug_line    0x0000000000004b93     0x12e4 Controller Clang Debug/tasks.o
 .debug_line    0x0000000000005e77      0x6a0 Controller Clang Debug/timers.o
 .debug_line    0x0000000000006517      0x453 Controller Clang Debug/port.o

.debug_str      0x0000000000000000    0x3cf13
 .debug_str     0x0000000000000000    0x38637 Controller Clang Debug/main.o
                                      0x38a77 (size before relaxing)
 .debug_str     0x0000000000038637      0x226 Controller Clang Debug/system.o
                                      0x38c43 (size before relaxing)
 .debug_str     0x000000000003885d      0x7ff Controller Clang Debug/comm.o
                                      0x39255 (size before relaxing)
 .debug_str     0x000000000003905c       0x5d Controller Clang Debug/thumb_crt0.o
                                         0x9f (size before relaxing)
 .debug_str     0x00000000000390b9       0x64 Controller Clang Debug/Kinetis_Startup.o
                                         0xb4 (size before relaxing)
 .debug_str     0x000000000003911d      0x2be Controller Clang Debug/system_MKL25Z4.o
                                      0x3332d (size before relaxing)
 .debug_str     0x00000000000393db      0x1fc Controller Clang Debug/spi.o
                                      0x39305 (size before relaxing)
 .debug_str     0x00000000000395d7      0xced Controller Clang Debug/nRF24L01.o
                                      0x3a0aa (size before relaxing)
 .debug_str     0x000000000003a2c4      0x1c6 Controller Clang Debug/dma.o
                                      0x39299 (size before relaxing)
 .debug_str     0x000000000003a48a       0x90 Controller Clang Debug/tpm.o
                                      0x34214 (size before relaxing)
 .debug_str     0x000000000003a51a      0x40d Controller Clang Debug/event_groups.o
                                       0x799b (size before relaxing)
 .debug_str     0x000000000003a927       0x8b Controller Clang Debug/heap_3.o
                                       0x6c36 (size before relaxing)
 .debug_str     0x000000000003a9b2       0xe3 Controller Clang Debug/list.o
                                       0x6d00 (size before relaxing)
 .debug_str     0x000000000003aa95      0x671 Controller Clang Debug/queue.o
                                       0x7dbb (size before relaxing)
 .debug_str     0x000000000003b106      0xf54 Controller Clang Debug/tasks.o
                                       0x849e (size before relaxing)
 .debug_str     0x000000000003c05a      0x48c Controller Clang Debug/timers.o
                                       0x837d (size before relaxing)
 .debug_str     0x000000000003c4e6      0xa2d Controller Clang Debug/port.o
                                       0x75b4 (size before relaxing)

.comment        0x0000000000000000       0x24
 .comment       0x0000000000000000       0x24 Controller Clang Debug/main.o
                                         0x25 (size before relaxing)
 .comment       0x0000000000000024       0x25 Controller Clang Debug/system.o
 .comment       0x0000000000000024       0x25 Controller Clang Debug/comm.o
 .comment       0x0000000000000024       0x25 Controller Clang Debug/system_MKL25Z4.o
 .comment       0x0000000000000024       0x25 Controller Clang Debug/spi.o
 .comment       0x0000000000000024       0x25 Controller Clang Debug/nRF24L01.o
 .comment       0x0000000000000024       0x25 Controller Clang Debug/dma.o
 .comment       0x0000000000000024       0x25 Controller Clang Debug/tpm.o
 .comment       0x0000000000000024       0x25 Controller Clang Debug/event_groups.o
 .comment       0x0000000000000024       0x25 Controller Clang Debug/heap_3.o
 .comment       0x0000000000000024       0x25 Controller Clang Debug/list.o
 .comment       0x0000000000000024       0x25 Controller Clang Debug/queue.o
 .comment       0x0000000000000024       0x25 Controller Clang Debug/tasks.o
 .comment       0x0000000000000024       0x25 Controller Clang Debug/timers.o
 .comment       0x0000000000000024       0x25 Controller Clang Debug/port.o
 .comment       0x0000000000000024       0x25 /usr/share/crossworks_for_arm_4.7/lib/libc_v6m_t_le_eabi.a(libc2.o)
 .comment       0x0000000000000024       0x25 /usr/share/crossworks_for_arm_4.7/lib/libc_v6m_t_le_eabi.a(libc.o)

.ARM.attributes
                0x0000000000000000       0x2f
 .ARM.attributes
                0x0000000000000000       0x31 Controller Clang Debug/main.o
 .ARM.attributes
                0x0000000000000031       0x31 Controller Clang Debug/system.o
 .ARM.attributes
                0x0000000000000062       0x31 Controller Clang Debug/comm.o
 .ARM.attributes
                0x0000000000000093       0x21 Controller Clang Debug/thumb_crt0.o
 .ARM.attributes
                0x00000000000000b4       0x21 Controller Clang Debug/Kinetis_Startup.o
 .ARM.attributes
                0x00000000000000d5       0x31 Controller Clang Debug/system_MKL25Z4.o
 .ARM.attributes
                0x0000000000000106       0x31 Controller Clang Debug/spi.o
 .ARM.attributes
                0x0000000000000137       0x31 Controller Clang Debug/nRF24L01.o
 .ARM.attributes
                0x0000000000000168       0x31 Controller Clang Debug/dma.o
 .ARM.attributes
                0x0000000000000199       0x31 Controller Clang Debug/tpm.o
 .ARM.attributes
                0x00000000000001ca       0x31 Controller Clang Debug/event_groups.o
 .ARM.attributes
                0x00000000000001fb       0x31 Controller Clang Debug/heap_3.o
 .ARM.attributes
                0x000000000000022c       0x31 Controller Clang Debug/list.o
 .ARM.attributes
                0x000000000000025d       0x31 Controller Clang Debug/queue.o
 .ARM.attributes
                0x000000000000028e       0x31 Controller Clang Debug/tasks.o
 .ARM.attributes
                0x00000000000002bf       0x31 Controller Clang Debug/timers.o
 .ARM.attributes
                0x00000000000002f0       0x31 Controller Clang Debug/port.o
 .ARM.attributes
                0x0000000000000321       0x1b /usr/share/crossworks_for_arm_4.7/lib/libc_v6m_t_le_eabi.a(libc_asm.o)
 .ARM.attributes
                0x000000000000033c       0x2b /usr/share/crossworks_for_arm_4.7/lib/libc_v6m_t_le_eabi.a(libc2.o)
 .ARM.attributes
                0x0000000000000367       0x1b /usr/share/crossworks_for_arm_4.7/lib/libc_v6m_t_le_eabi.a(libc2_asm.o)
 .ARM.attributes
                0x0000000000000382       0x2b /usr/share/crossworks_for_arm_4.7/lib/libc_v6m_t_le_eabi.a(libc.o)
